17:34:54 2026-09-08 12レース／締切8分前（＝発走9分前）に取得
17:34:54   1R 発走 15:00 → 取得 14:51:00
17:34:54   2R 発走 15:30 → 取得 15:21:00
17:34:54   3R 発走 16:00 → 取得 15:51:00
17:34:54   4R 発走 16:30 → 取得 16:21:00
17:34:54   5R 発走 17:00 → 取得 16:51:00
17:34:54   6R 発走 17:30 → 取得 17:21:00
17:34:54   7R 発走 18:00 → 取得 17:51:00
17:34:54   8R 発走 18:30 → 取得 18:21:00
17:34:54   9R 発走 19:05 → 取得 18:56:00
17:34:54   10R 発走 19:40 → 取得 19:31:00
17:34:54   11R 発走 20:15 → 取得 20:06:00
17:34:54   12R 発走 20:50 → 取得 20:41:00
17:35:56 2026-09-08 12レース／締切8分前（＝発走9分前）に取得
17:35:56   1R 発走 15:00 → 取得 14:51:00
17:35:56   2R 発走 15:30 → 取得 15:21:00
17:35:56   3R 発走 16:00 → 取得 15:51:00
17:35:56   4R 発走 16:30 → 取得 16:21:00
17:35:56   5R 発走 17:00 → 取得 16:51:00
17:35:56   6R 発走 17:30 → 取得 17:21:00
17:35:56   7R 発走 18:00 → 取得 17:51:00
17:35:56   8R 発走 18:30 → 取得 18:21:00
17:35:56   9R 発走 19:05 → 取得 18:56:00
17:35:56   10R 発走 19:40 → 取得 19:31:00
17:35:56   11R 発走 20:15 → 取得 20:06:00
17:35:56   12R 発走 20:50 → 取得 20:41:00
17:36:59 2026-09-08 12レース／締切8分前（＝発走9分前）に取得
17:36:59   1R 発走 15:00 → 取得 14:51:00
17:37:00   2R 発走 15:30 → 取得 15:21:00
17:37:00   3R 発走 16:00 → 取得 15:51:00
17:37:00   4R 発走 16:30 → 取得 16:21:00
17:37:00   5R 発走 17:00 → 取得 16:51:00
17:37:00   6R 発走 17:30 → 取得 17:21:00
17:37:00   7R 発走 18:00 → 取得 17:51:00
17:37:00   8R 発走 18:30 → 取得 18:21:00
17:37:00   9R 発走 19:05 → 取得 18:56:00
17:37:00   10R 発走 19:40 → 取得 19:31:00
17:37:00   11R 発走 20:15 → 取得 20:06:00
17:37:00   12R 発走 20:50 → 取得 20:41:00
17:38:03 2026-09-08 12レース／締切8分前（＝発走9分前）に取得
17:38:03   1R 発走 15:00 → 取得 14:51:00
17:38:03   2R 発走 15:30 → 取得 15:21:00
17:38:03   3R 発走 16:00 → 取得 15:51:00
17:38:03   4R 発走 16:30 → 取得 16:21:00
17:38:03   5R 発走 17:00 → 取得 16:51:00
17:38:03   6R 発走 17:30 → 取得 17:21:00
17:38:03   7R 発走 18:00 → 取得 17:51:00
17:38:03   8R 発走 18:30 → 取得 18:21:00
17:38:03   9R 発走 19:05 → 取得 18:56:00
17:38:03   10R 発走 19:40 → 取得 19:31:00
17:38:03   11R 発走 20:15 → 取得 20:06:00
17:38:03   12R 発走 20:50 → 取得 20:41:00
17:39:06 2026-09-08 12レース／締切8分前（＝発走9分前）に取得
17:39:06   1R 発走 15:00 → 取得 14:51:00
17:39:06   2R 発走 15:30 → 取得 15:21:00
17:39:06   3R 発走 16:00 → 取得 15:51:00
17:39:06   4R 発走 16:30 → 取得 16:21:00
17:39:06   5R 発走 17:00 → 取得 16:51:00
17:39:06   6R 発走 17:30 → 取得 17:21:00
17:39:06   7R 発走 18:00 → 取得 17:51:00
17:39:06   8R 発走 18:30 → 取得 18:21:00
17:39:06   9R 発走 19:05 → 取得 18:56:00
17:39:06   10R 発走 19:40 → 取得 19:31:00
17:39:06   11R 発走 20:15 → 取得 20:06:00
17:39:06   12R 発走 20:50 → 取得 20:41:00
17:40:09 2026-09-08 12レース／締切8分前（＝発走9分前）に取得
17:40:09   1R 発走 15:00 → 取得 14:51:00
17:40:09   2R 発走 15:30 → 取得 15:21:00
17:40:09   3R 発走 16:00 → 取得 15:51:00
17:40:09   4R 発走 16:30 → 取得 16:21:00
17:40:09   5R 発走 17:00 → 取得 16:51:00
17:40:09   6R 発走 17:30 → 取得 17:21:00
17:40:09   7R 発走 18:00 → 取得 17:51:00
17:40:09   8R 発走 18:30 → 取得 18:21:00
17:40:09   9R 発走 19:05 → 取得 18:56:00
17:40:09   10R 発走 19:40 → 取得 19:31:00
17:40:09   11R 発走 20:15 → 取得 20:06:00
17:40:09   12R 発走 20:50 → 取得 20:41:00
17:41:12 2026-09-08 12レース／締切8分前（＝発走9分前）に取得
17:41:12   1R 発走 15:00 → 取得 14:51:00
17:41:12   2R 発走 15:30 → 取得 15:21:00
17:41:12   3R 発走 16:00 → 取得 15:51:00
17:41:12   4R 発走 16:30 → 取得 16:21:00
17:41:12   5R 発走 17:00 → 取得 16:51:00
17:41:12   6R 発走 17:30 → 取得 17:21:00
17:41:12   7R 発走 18:00 → 取得 17:51:00
17:41:12   8R 発走 18:30 → 取得 18:21:00
17:41:12   9R 発走 19:05 → 取得 18:56:00
17:41:12   10R 発走 19:40 → 取得 19:31:00
17:41:12   11R 発走 20:15 → 取得 20:06:00
17:41:12   12R 発走 20:50 → 取得 20:41:00
17:42:14 2026-09-08 12レース／締切8分前（＝発走9分前）に取得
17:42:14   1R 発走 15:00 → 取得 14:51:00
17:42:14   2R 発走 15:30 → 取得 15:21:00
17:42:14   3R 発走 16:00 → 取得 15:51:00
17:42:14   4R 発走 16:30 → 取得 16:21:00
17:42:14   5R 発走 17:00 → 取得 16:51:00
17:42:14   6R 発走 17:30 → 取得 17:21:00
17:42:14   7R 発走 18:00 → 取得 17:51:00
17:42:14   8R 発走 18:30 → 取得 18:21:00
17:42:14   9R 発走 19:05 → 取得 18:56:00
17:42:14   10R 発走 19:40 → 取得 19:31:00
17:42:14   11R 発走 20:15 → 取得 20:06:00
17:42:14   12R 発走 20:50 → 取得 20:41:00
17:43:17 2026-09-08 12レース／締切8分前（＝発走9分前）に取得
17:43:17   1R 発走 15:00 → 取得 14:51:00
17:43:17   2R 発走 15:30 → 取得 15:21:00
17:43:17   3R 発走 16:00 → 取得 15:51:00
17:43:17   4R 発走 16:30 → 取得 16:21:00
17:43:17   5R 発走 17:00 → 取得 16:51:00
17:43:17   6R 発走 17:30 → 取得 17:21:00
17:43:17   7R 発走 18:00 → 取得 17:51:00
17:43:17   8R 発走 18:30 → 取得 18:21:00
17:43:17   9R 発走 19:05 → 取得 18:56:00
17:43:17   10R 発走 19:40 → 取得 19:31:00
17:43:17   11R 発走 20:15 → 取得 20:06:00
17:43:17   12R 発走 20:50 → 取得 20:41:00
17:44:20 2026-09-08 12レース／締切8分前（＝発走9分前）に取得
17:44:20   1R 発走 15:00 → 取得 14:51:00
17:44:20   2R 発走 15:30 → 取得 15:21:00
17:44:20   3R 発走 16:00 → 取得 15:51:00
17:44:20   4R 発走 16:30 → 取得 16:21:00
17:44:20   5R 発走 17:00 → 取得 16:51:00
17:44:20   6R 発走 17:30 → 取得 17:21:00
17:44:20   7R 発走 18:00 → 取得 17:51:00
17:44:20   8R 発走 18:30 → 取得 18:21:00
17:44:20   9R 発走 19:05 → 取得 18:56:00
17:44:20   10R 発走 19:40 → 取得 19:31:00
17:44:20   11R 発走 20:15 → 取得 20:06:00
17:44:20   12R 発走 20:50 → 取得 20:41:00
17:45:23 2026-09-08 12レース／締切8分前（＝発走9分前）に取得
17:45:23   1R 発走 15:00 → 取得 14:51:00
17:45:23   2R 発走 15:30 → 取得 15:21:00
17:45:23   3R 発走 16:00 → 取得 15:51:00
17:45:23   4R 発走 16:30 → 取得 16:21:00
17:45:23   5R 発走 17:00 → 取得 16:51:00
17:45:23   6R 発走 17:30 → 取得 17:21:00
17:45:23   7R 発走 18:00 → 取得 17:51:00
17:45:23   8R 発走 18:30 → 取得 18:21:00
17:45:23   9R 発走 19:05 → 取得 18:56:00
17:45:23   10R 発走 19:40 → 取得 19:31:00
17:45:23   11R 発走 20:15 → 取得 20:06:00
17:45:23   12R 発走 20:50 → 取得 20:41:00
17:46:27 2026-09-08 12レース／締切8分前（＝発走9分前）に取得
17:46:27   1R 発走 15:00 → 取得 14:51:00
17:46:27   2R 発走 15:30 → 取得 15:21:00
17:46:27   3R 発走 16:00 → 取得 15:51:00
17:46:27   4R 発走 16:30 → 取得 16:21:00
17:46:27   5R 発走 17:00 → 取得 16:51:00
17:46:27   6R 発走 17:30 → 取得 17:21:00
17:46:27   7R 発走 18:00 → 取得 17:51:00
17:46:27   8R 発走 18:30 → 取得 18:21:00
17:46:27   9R 発走 19:05 → 取得 18:56:00
17:46:27   10R 発走 19:40 → 取得 19:31:00
17:46:27   11R 発走 20:15 → 取得 20:06:00
17:46:27   12R 発走 20:50 → 取得 20:41:00
17:47:30 2026-09-08 12レース／締切8分前（＝発走9分前）に取得
17:47:30   1R 発走 15:00 → 取得 14:51:00
17:47:30   2R 発走 15:30 → 取得 15:21:00
17:47:30   3R 発走 16:00 → 取得 15:51:00
17:47:30   4R 発走 16:30 → 取得 16:21:00
17:47:30   5R 発走 17:00 → 取得 16:51:00
17:47:30   6R 発走 17:30 → 取得 17:21:00
17:47:30   7R 発走 18:00 → 取得 17:51:00
17:47:30   8R 発走 18:30 → 取得 18:21:00
17:47:30   9R 発走 19:05 → 取得 18:56:00
17:47:30   10R 発走 19:40 → 取得 19:31:00
17:47:30   11R 発走 20:15 → 取得 20:06:00
17:47:30   12R 発走 20:50 → 取得 20:41:00
17:48:32 2026-09-08 12レース／締切8分前（＝発走9分前）に取得
17:48:32   1R 発走 15:00 → 取得 14:51:00
17:48:32   2R 発走 15:30 → 取得 15:21:00
17:48:32   3R 発走 16:00 → 取得 15:51:00
17:48:32   4R 発走 16:30 → 取得 16:21:00
17:48:32   5R 発走 17:00 → 取得 16:51:00
17:48:32   6R 発走 17:30 → 取得 17:21:00
17:48:32   7R 発走 18:00 → 取得 17:51:00
17:48:32   8R 発走 18:30 → 取得 18:21:00
17:48:32   9R 発走 19:05 → 取得 18:56:00
17:48:32   10R 発走 19:40 → 取得 19:31:00
17:48:32   11R 発走 20:15 → 取得 20:06:00
17:48:32   12R 発走 20:50 → 取得 20:41:00
17:49:40 2026-09-08 12レース／締切8分前（＝発走9分前）に取得
17:49:40   1R 発走 15:00 → 取得 14:51:00
17:49:40   2R 発走 15:30 → 取得 15:21:00
17:49:40   3R 発走 16:00 → 取得 15:51:00
17:49:40   4R 発走 16:30 → 取得 16:21:00
17:49:40   5R 発走 17:00 → 取得 16:51:00
17:49:40   6R 発走 17:30 → 取得 17:21:00
17:49:40   7R 発走 18:00 → 取得 17:51:00
17:49:40   8R 発走 18:30 → 取得 18:21:00
17:49:40   9R 発走 19:05 → 取得 18:56:00
17:49:40   10R 発走 19:40 → 取得 19:31:00
17:49:40   11R 発走 20:15 → 取得 20:06:00
17:49:40   12R 発走 20:50 → 取得 20:41:00
17:50:42 2026-09-08 12レース／締切8分前（＝発走9分前）に取得
17:50:42   1R 発走 15:00 → 取得 14:51:00
17:50:42   2R 発走 15:30 → 取得 15:21:00
17:50:42   3R 発走 16:00 → 取得 15:51:00
17:50:42   4R 発走 16:30 → 取得 16:21:00
17:50:42   5R 発走 17:00 → 取得 16:51:00
17:50:42   6R 発走 17:30 → 取得 17:21:00
17:50:42   7R 発走 18:00 → 取得 17:51:00
17:50:42   8R 発走 18:30 → 取得 18:21:00
17:50:42   9R 発走 19:05 → 取得 18:56:00
17:50:42   10R 発走 19:40 → 取得 19:31:00
17:50:42   11R 発走 20:15 → 取得 20:06:00
17:50:42   12R 発走 20:50 → 取得 20:41:00
17:51:45 2026-09-08 12レース／締切8分前（＝発走9分前）に取得
17:51:45   1R 発走 15:00 → 取得 14:51:00
17:51:45   2R 発走 15:30 → 取得 15:21:00
17:51:45   3R 発走 16:00 → 取得 15:51:00
17:51:45   4R 発走 16:30 → 取得 16:21:00
17:51:45   5R 発走 17:00 → 取得 16:51:00
17:51:45   6R 発走 17:30 → 取得 17:21:00
17:51:45   7R 発走 18:00 → 取得 17:51:00
17:51:45   8R 発走 18:30 → 取得 18:21:00
17:51:45   9R 発走 19:05 → 取得 18:56:00
17:51:45   10R 発走 19:40 → 取得 19:31:00
17:51:45   11R 発走 20:15 → 取得 20:06:00
17:51:45   12R 発走 20:50 → 取得 20:41:00
17:51:45   ✓ 7R T-8 取得（2026年9月8日 17:49／1番人気 8番 2.7倍）
17:52:49 2026-09-08 12レース／締切8分前（＝発走9分前）に取得
17:52:49   1R 発走 15:00 → 取得 14:51:00
17:52:49   2R 発走 15:30 → 取得 15:21:00
17:52:49   3R 発走 16:00 → 取得 15:51:00
17:52:49   4R 発走 16:30 → 取得 16:21:00
17:52:49   5R 発走 17:00 → 取得 16:51:00
17:52:49   6R 発走 17:30 → 取得 17:21:00
17:52:49   7R 発走 18:00 → 取得 17:51:00
17:52:49   8R 発走 18:30 → 取得 18:21:00
17:52:49   9R 発走 19:05 → 取得 18:56:00
17:52:49   10R 発走 19:40 → 取得 19:31:00
17:52:49   11R 発走 20:15 → 取得 20:06:00
17:52:49   12R 発走 20:50 → 取得 20:41:00
17:53:51 2026-09-08 12レース／締切8分前（＝発走9分前）に取得
17:53:51   1R 発走 15:00 → 取得 14:51:00
17:53:51   2R 発走 15:30 → 取得 15:21:00
17:53:51   3R 発走 16:00 → 取得 15:51:00
17:53:51   4R 発走 16:30 → 取得 16:21:00
17:53:51   5R 発走 17:00 → 取得 16:51:00
17:53:51   6R 発走 17:30 → 取得 17:21:00
17:53:51   7R 発走 18:00 → 取得 17:51:00
17:53:51   8R 発走 18:30 → 取得 18:21:00
17:53:51   9R 発走 19:05 → 取得 18:56:00
17:53:51   10R 発走 19:40 → 取得 19:31:00
17:53:51   11R 発走 20:15 → 取得 20:06:00
17:53:51   12R 発走 20:50 → 取得 20:41:00
17:54:53 2026-09-08 12レース／締切8分前（＝発走9分前）に取得
17:54:53   1R 発走 15:00 → 取得 14:51:00
17:54:53   2R 発走 15:30 → 取得 15:21:00
17:54:53   3R 発走 16:00 → 取得 15:51:00
17:54:53   4R 発走 16:30 → 取得 16:21:00
17:54:53   5R 発走 17:00 → 取得 16:51:00
17:54:53   6R 発走 17:30 → 取得 17:21:00
17:54:53   7R 発走 18:00 → 取得 17:51:00
17:54:53   8R 発走 18:30 → 取得 18:21:00
17:54:53   9R 発走 19:05 → 取得 18:56:00
17:54:53   10R 発走 19:40 → 取得 19:31:00
17:54:53   11R 発走 20:15 → 取得 20:06:00
17:54:53   12R 発走 20:50 → 取得 20:41:00
17:55:56 2026-09-08 12レース／締切8分前（＝発走9分前）に取得
17:55:56   1R 発走 15:00 → 取得 14:51:00
17:55:56   2R 発走 15:30 → 取得 15:21:00
17:55:56   3R 発走 16:00 → 取得 15:51:00
17:55:56   4R 発走 16:30 → 取得 16:21:00
17:55:56   5R 発走 17:00 → 取得 16:51:00
17:55:56   6R 発走 17:30 → 取得 17:21:00
17:55:56   7R 発走 18:00 → 取得 17:51:00
17:55:56   8R 発走 18:30 → 取得 18:21:00
17:55:56   9R 発走 19:05 → 取得 18:56:00
17:55:56   10R 発走 19:40 → 取得 19:31:00
17:55:56   11R 発走 20:15 → 取得 20:06:00
17:55:56   12R 発走 20:50 → 取得 20:41:00
17:55:56   ✓ 6R final 取得（2026年9月8日 17:54／1番人気 2番 3.2倍）
17:57:00 2026-09-08 12レース／締切8分前（＝発走9分前）に取得
17:57:00   1R 発走 15:00 → 取得 14:51:00
17:57:00   2R 発走 15:30 → 取得 15:21:00
17:57:00   3R 発走 16:00 → 取得 15:51:00
17:57:00   4R 発走 16:30 → 取得 16:21:00
17:57:00   5R 発走 17:00 → 取得 16:51:00
17:57:00   6R 発走 17:30 → 取得 17:21:00
17:57:00   7R 発走 18:00 → 取得 17:51:00
17:57:00   8R 発走 18:30 → 取得 18:21:00
17:57:00   9R 発走 19:05 → 取得 18:56:00
17:57:00   10R 発走 19:40 → 取得 19:31:00
17:57:00   11R 発走 20:15 → 取得 20:06:00
17:57:00   12R 発走 20:50 → 取得 20:41:00
17:58:02 2026-09-08 12レース／締切8分前（＝発走9分前）に取得
17:58:02   1R 発走 15:00 → 取得 14:51:00
17:58:02   2R 発走 15:30 → 取得 15:21:00
17:58:02   3R 発走 16:00 → 取得 15:51:00
17:58:02   4R 発走 16:30 → 取得 16:21:00
17:58:02   5R 発走 17:00 → 取得 16:51:00
17:58:02   6R 発走 17:30 → 取得 17:21:00
17:58:02   7R 発走 18:00 → 取得 17:51:00
17:58:02   8R 発走 18:30 → 取得 18:21:00
17:58:02   9R 発走 19:05 → 取得 18:56:00
17:58:02   10R 発走 19:40 → 取得 19:31:00
17:58:02   11R 発走 20:15 → 取得 20:06:00
17:58:02   12R 発走 20:50 → 取得 20:41:00
17:59:04 2026-09-08 12レース／締切8分前（＝発走9分前）に取得
17:59:04   1R 発走 15:00 → 取得 14:51:00
17:59:04   2R 発走 15:30 → 取得 15:21:00
17:59:04   3R 発走 16:00 → 取得 15:51:00
17:59:04   4R 発走 16:30 → 取得 16:21:00
17:59:04   5R 発走 17:00 → 取得 16:51:00
17:59:04   6R 発走 17:30 → 取得 17:21:00
17:59:04   7R 発走 18:00 → 取得 17:51:00
17:59:04   8R 発走 18:30 → 取得 18:21:00
17:59:04   9R 発走 19:05 → 取得 18:56:00
17:59:04   10R 発走 19:40 → 取得 19:31:00
17:59:04   11R 発走 20:15 → 取得 20:06:00
17:59:04   12R 発走 20:50 → 取得 20:41:00
18:00:09 2026-09-08 12レース／締切8分前（＝発走9分前）に取得
18:00:09   1R 発走 15:00 → 取得 14:51:00
18:00:09   2R 発走 15:30 → 取得 15:21:00
18:00:09   3R 発走 16:00 → 取得 15:51:00
18:00:09   4R 発走 16:30 → 取得 16:21:00
18:00:09   5R 発走 17:00 → 取得 16:51:00
18:00:09   6R 発走 17:30 → 取得 17:21:00
18:00:09   7R 発走 18:00 → 取得 17:51:00
18:00:09   8R 発走 18:30 → 取得 18:21:00
18:00:09   9R 発走 19:05 → 取得 18:56:00
18:00:09   10R 発走 19:40 → 取得 19:31:00
18:00:09   11R 発走 20:15 → 取得 20:06:00
18:00:09   12R 発走 20:50 → 取得 20:41:00
18:01:12 2026-09-08 12レース／締切8分前（＝発走9分前）に取得
18:01:12   1R 発走 15:00 → 取得 14:51:00
18:01:12   2R 発走 15:30 → 取得 15:21:00
18:01:12   3R 発走 16:00 → 取得 15:51:00
18:01:12   4R 発走 16:30 → 取得 16:21:00
18:01:12   5R 発走 17:00 → 取得 16:51:00
18:01:12   6R 発走 17:30 → 取得 17:21:00
18:01:12   7R 発走 18:00 → 取得 17:51:00
18:01:12   8R 発走 18:30 → 取得 18:21:00
18:01:12   9R 発走 19:05 → 取得 18:56:00
18:01:12   10R 発走 19:40 → 取得 19:31:00
18:01:12   11R 発走 20:15 → 取得 20:06:00
18:01:12   12R 発走 20:50 → 取得 20:41:00
18:02:14 2026-09-08 12レース／締切8分前（＝発走9分前）に取得
18:02:14   1R 発走 15:00 → 取得 14:51:00
18:02:14   2R 発走 15:30 → 取得 15:21:00
18:02:14   3R 発走 16:00 → 取得 15:51:00
18:02:14   4R 発走 16:30 → 取得 16:21:00
18:02:14   5R 発走 17:00 → 取得 16:51:00
18:02:14   6R 発走 17:30 → 取得 17:21:00
18:02:14   7R 発走 18:00 → 取得 17:51:00
18:02:14   8R 発走 18:30 → 取得 18:21:00
18:02:14   9R 発走 19:05 → 取得 18:56:00
18:02:14   10R 発走 19:40 → 取得 19:31:00
18:02:14   11R 発走 20:15 → 取得 20:06:00
18:02:14   12R 発走 20:50 → 取得 20:41:00
18:03:15 2026-09-08 12レース／締切8分前（＝発走9分前）に取得
18:03:15   1R 発走 15:00 → 取得 14:51:00
18:03:15   2R 発走 15:30 → 取得 15:21:00
18:03:15   3R 発走 16:00 → 取得 15:51:00
18:03:15   4R 発走 16:30 → 取得 16:21:00
18:03:15   5R 発走 17:00 → 取得 16:51:00
18:03:15   6R 発走 17:30 → 取得 17:21:00
18:03:15   7R 発走 18:00 → 取得 17:51:00
18:03:15   8R 発走 18:30 → 取得 18:21:00
18:03:15   9R 発走 19:05 → 取得 18:56:00
18:03:15   10R 発走 19:40 → 取得 19:31:00
18:03:15   11R 発走 20:15 → 取得 20:06:00
18:03:15   12R 発走 20:50 → 取得 20:41:00
18:04:18 2026-09-08 12レース／締切8分前（＝発走9分前）に取得
18:04:18   1R 発走 15:00 → 取得 14:51:00
18:04:18   2R 発走 15:30 → 取得 15:21:00
18:04:18   3R 発走 16:00 → 取得 15:51:00
18:04:18   4R 発走 16:30 → 取得 16:21:00
18:04:18   5R 発走 17:00 → 取得 16:51:00
18:04:18   6R 発走 17:30 → 取得 17:21:00
18:04:18   7R 発走 18:00 → 取得 17:51:00
18:04:18   8R 発走 18:30 → 取得 18:21:00
18:04:18   9R 発走 19:05 → 取得 18:56:00
18:04:18   10R 発走 19:40 → 取得 19:31:00
18:04:18   11R 発走 20:15 → 取得 20:06:00
18:04:18   12R 発走 20:50 → 取得 20:41:00
18:05:20 2026-09-08 12レース／締切8分前（＝発走9分前）に取得
18:05:20   1R 発走 15:00 → 取得 14:51:00
18:05:20   2R 発走 15:30 → 取得 15:21:00
18:05:20   3R 発走 16:00 → 取得 15:51:00
18:05:20   4R 発走 16:30 → 取得 16:21:00
18:05:20   5R 発走 17:00 → 取得 16:51:00
18:05:20   6R 発走 17:30 → 取得 17:21:00
18:05:20   7R 発走 18:00 → 取得 17:51:00
18:05:20   8R 発走 18:30 → 取得 18:21:00
18:05:20   9R 発走 19:05 → 取得 18:56:00
18:05:20   10R 発走 19:40 → 取得 19:31:00
18:05:20   11R 発走 20:15 → 取得 20:06:00
18:05:20   12R 発走 20:50 → 取得 20:41:00
18:06:23 2026-09-08 12レース／締切8分前（＝発走9分前）に取得
18:06:23   1R 発走 15:00 → 取得 14:51:00
18:06:23   2R 発走 15:30 → 取得 15:21:00
18:06:23   3R 発走 16:00 → 取得 15:51:00
18:06:23   4R 発走 16:30 → 取得 16:21:00
18:06:23   5R 発走 17:00 → 取得 16:51:00
18:06:23   6R 発走 17:30 → 取得 17:21:00
18:06:23   7R 発走 18:00 → 取得 17:51:00
18:06:23   8R 発走 18:30 → 取得 18:21:00
18:06:23   9R 発走 19:05 → 取得 18:56:00
18:06:23   10R 発走 19:40 → 取得 19:31:00
18:06:23   11R 発走 20:15 → 取得 20:06:00
18:06:23   12R 発走 20:50 → 取得 20:41:00
18:07:25 2026-09-08 12レース／締切8分前（＝発走9分前）に取得
18:07:25   1R 発走 15:00 → 取得 14:51:00
18:07:25   2R 発走 15:30 → 取得 15:21:00
18:07:25   3R 発走 16:00 → 取得 15:51:00
18:07:25   4R 発走 16:30 → 取得 16:21:00
18:07:25   5R 発走 17:00 → 取得 16:51:00
18:07:25   6R 発走 17:30 → 取得 17:21:00
18:07:25   7R 発走 18:00 → 取得 17:51:00
18:07:25   8R 発走 18:30 → 取得 18:21:00
18:07:25   9R 発走 19:05 → 取得 18:56:00
18:07:25   10R 発走 19:40 → 取得 19:31:00
18:07:25   11R 発走 20:15 → 取得 20:06:00
18:07:25   12R 発走 20:50 → 取得 20:41:00
18:08:27 2026-09-08 12レース／締切8分前（＝発走9分前）に取得
18:08:27   1R 発走 15:00 → 取得 14:51:00
18:08:27   2R 発走 15:30 → 取得 15:21:00
18:08:27   3R 発走 16:00 → 取得 15:51:00
18:08:27   4R 発走 16:30 → 取得 16:21:00
18:08:27   5R 発走 17:00 → 取得 16:51:00
18:08:27   6R 発走 17:30 → 取得 17:21:00
18:08:27   7R 発走 18:00 → 取得 17:51:00
18:08:27   8R 発走 18:30 → 取得 18:21:00
18:08:27   9R 発走 19:05 → 取得 18:56:00
18:08:27   10R 発走 19:40 → 取得 19:31:00
18:08:27   11R 発走 20:15 → 取得 20:06:00
18:08:27   12R 発走 20:50 → 取得 20:41:00
18:09:29 2026-09-08 12レース／締切8分前（＝発走9分前）に取得
18:09:29   1R 発走 15:00 → 取得 14:51:00
18:09:29   2R 発走 15:30 → 取得 15:21:00
18:09:29   3R 発走 16:00 → 取得 15:51:00
18:09:29   4R 発走 16:30 → 取得 16:21:00
18:09:29   5R 発走 17:00 → 取得 16:51:00
18:09:29   6R 発走 17:30 → 取得 17:21:00
18:09:29   7R 発走 18:00 → 取得 17:51:00
18:09:29   8R 発走 18:30 → 取得 18:21:00
18:09:29   9R 発走 19:05 → 取得 18:56:00
18:09:29   10R 発走 19:40 → 取得 19:31:00
18:09:29   11R 発走 20:15 → 取得 20:06:00
18:09:29   12R 発走 20:50 → 取得 20:41:00
18:10:32 2026-09-08 12レース／締切8分前（＝発走9分前）に取得
18:10:32   1R 発走 15:00 → 取得 14:51:00
18:10:32   2R 発走 15:30 → 取得 15:21:00
18:10:32   3R 発走 16:00 → 取得 15:51:00
18:10:32   4R 発走 16:30 → 取得 16:21:00
18:10:32   5R 発走 17:00 → 取得 16:51:00
18:10:32   6R 発走 17:30 → 取得 17:21:00
18:10:32   7R 発走 18:00 → 取得 17:51:00
18:10:32   8R 発走 18:30 → 取得 18:21:00
18:10:32   9R 発走 19:05 → 取得 18:56:00
18:10:32   10R 発走 19:40 → 取得 19:31:00
18:10:32   11R 発走 20:15 → 取得 20:06:00
18:10:32   12R 発走 20:50 → 取得 20:41:00
18:11:37 2026-09-08 12レース／締切8分前（＝発走9分前）に取得
18:11:37   1R 発走 15:00 → 取得 14:51:00
18:11:37   2R 発走 15:30 → 取得 15:21:00
18:11:37   3R 発走 16:00 → 取得 15:51:00
18:11:37   4R 発走 16:30 → 取得 16:21:00
18:11:37   5R 発走 17:00 → 取得 16:51:00
18:11:37   6R 発走 17:30 → 取得 17:21:00
18:11:37   7R 発走 18:00 → 取得 17:51:00
18:11:37   8R 発走 18:30 → 取得 18:21:00
18:11:37   9R 発走 19:05 → 取得 18:56:00
18:11:37   10R 発走 19:40 → 取得 19:31:00
18:11:37   11R 発走 20:15 → 取得 20:06:00
18:11:37   12R 発走 20:50 → 取得 20:41:00
18:12:38 2026-09-08 12レース／締切8分前（＝発走9分前）に取得
18:12:38   1R 発走 15:00 → 取得 14:51:00
18:12:38   2R 発走 15:30 → 取得 15:21:00
18:12:38   3R 発走 16:00 → 取得 15:51:00
18:12:38   4R 発走 16:30 → 取得 16:21:00
18:12:38   5R 発走 17:00 → 取得 16:51:00
18:12:38   6R 発走 17:30 → 取得 17:21:00
18:12:38   7R 発走 18:00 → 取得 17:51:00
18:12:38   8R 発走 18:30 → 取得 18:21:00
18:12:38   9R 発走 19:05 → 取得 18:56:00
18:12:38   10R 発走 19:40 → 取得 19:31:00
18:12:38   11R 発走 20:15 → 取得 20:06:00
18:12:38   12R 発走 20:50 → 取得 20:41:00
18:12:41   ・以降 5 レースの暫定オッズも取得
18:13:42 2026-09-08 12レース／締切8分前（＝発走9分前）に取得
18:13:42   1R 発走 15:00 → 取得 14:51:00
18:13:42   2R 発走 15:30 → 取得 15:21:00
18:13:42   3R 発走 16:00 → 取得 15:51:00
18:13:42   4R 発走 16:30 → 取得 16:21:00
18:13:42   5R 発走 17:00 → 取得 16:51:00
18:13:42   6R 発走 17:30 → 取得 17:21:00
18:13:42   7R 発走 18:00 → 取得 17:51:00
18:13:42   8R 発走 18:30 → 取得 18:21:00
18:13:42   9R 発走 19:05 → 取得 18:56:00
18:13:42   10R 発走 19:40 → 取得 19:31:00
18:13:42   11R 発走 20:15 → 取得 20:06:00
18:13:42   12R 発走 20:50 → 取得 20:41:00
18:13:45   ・以降 5 レースの暫定オッズも取得
18:14:48 2026-09-08 12レース／締切8分前（＝発走9分前）に取得
18:14:48   1R 発走 15:00 → 取得 14:51:00
18:14:48   2R 発走 15:30 → 取得 15:21:00
18:14:48   3R 発走 16:00 → 取得 15:51:00
18:14:48   4R 発走 16:30 → 取得 16:21:00
18:14:48   5R 発走 17:00 → 取得 16:51:00
18:14:48   6R 発走 17:30 → 取得 17:21:00
18:14:48   7R 発走 18:00 → 取得 17:51:00
18:14:48   8R 発走 18:30 → 取得 18:21:00
18:14:48   9R 発走 19:05 → 取得 18:56:00
18:14:48   10R 発走 19:40 → 取得 19:31:00
18:14:48   11R 発走 20:15 → 取得 20:06:00
18:14:48   12R 発走 20:50 → 取得 20:41:00
18:14:50   ・以降 5 レースの暫定オッズも取得
18:15:56 2026-09-08 12レース／締切8分前（＝発走9分前）に取得
18:15:56   1R 発走 15:00 → 取得 14:51:00
18:15:56   2R 発走 15:30 → 取得 15:21:00
18:15:56   3R 発走 16:00 → 取得 15:51:00
18:15:56   4R 発走 16:30 → 取得 16:21:00
18:15:56   5R 発走 17:00 → 取得 16:51:00
18:15:56   6R 発走 17:30 → 取得 17:21:00
18:15:56   7R 発走 18:00 → 取得 17:51:00
18:15:56   8R 発走 18:30 → 取得 18:21:00
18:15:56   9R 発走 19:05 → 取得 18:56:00
18:15:56   10R 発走 19:40 → 取得 19:31:00
18:15:56   11R 発走 20:15 → 取得 20:06:00
18:15:56   12R 発走 20:50 → 取得 20:41:00
18:15:58   ・以降 5 レースの暫定オッズも取得
18:17:01 2026-09-08 12レース／締切8分前（＝発走9分前）に取得
18:17:01   1R 発走 15:00 → 取得 14:51:00
18:17:01   2R 発走 15:30 → 取得 15:21:00
18:17:01   3R 発走 16:00 → 取得 15:51:00
18:17:01   4R 発走 16:30 → 取得 16:21:00
18:17:01   5R 発走 17:00 → 取得 16:51:00
18:17:01   6R 発走 17:30 → 取得 17:21:00
18:17:01   7R 発走 18:00 → 取得 17:51:00
18:17:01   8R 発走 18:30 → 取得 18:21:00
18:17:01   9R 発走 19:05 → 取得 18:56:00
18:17:01   10R 発走 19:40 → 取得 19:31:00
18:17:01   11R 発走 20:15 → 取得 20:06:00
18:17:01   12R 発走 20:50 → 取得 20:41:00
18:17:04   ・以降 5 レースの暫定オッズも取得
18:18:06 2026-09-08 12レース／締切8分前（＝発走9分前）に取得
18:18:06   1R 発走 15:00 → 取得 14:51:00
18:18:06   2R 発走 15:30 → 取得 15:21:00
18:18:06   3R 発走 16:00 → 取得 15:51:00
18:18:06   4R 発走 16:30 → 取得 16:21:00
18:18:06   5R 発走 17:00 → 取得 16:51:00
18:18:06   6R 発走 17:30 → 取得 17:21:00
18:18:06   7R 発走 18:00 → 取得 17:51:00
18:18:06   8R 発走 18:30 → 取得 18:21:00
18:18:06   9R 発走 19:05 → 取得 18:56:00
18:18:06   10R 発走 19:40 → 取得 19:31:00
18:18:06   11R 発走 20:15 → 取得 20:06:00
18:18:06   12R 発走 20:50 → 取得 20:41:00
18:18:09   ・以降 5 レースの暫定オッズも取得
18:19:12 2026-09-08 12レース／締切8分前（＝発走9分前）に取得
18:19:12   1R 発走 15:00 → 取得 14:51:00
18:19:12   2R 発走 15:30 → 取得 15:21:00
18:19:12   3R 発走 16:00 → 取得 15:51:00
18:19:12   4R 発走 16:30 → 取得 16:21:00
18:19:12   5R 発走 17:00 → 取得 16:51:00
18:19:12   6R 発走 17:30 → 取得 17:21:00
18:19:12   7R 発走 18:00 → 取得 17:51:00
18:19:12   8R 発走 18:30 → 取得 18:21:00
18:19:12   9R 発走 19:05 → 取得 18:56:00
18:19:12   10R 発走 19:40 → 取得 19:31:00
18:19:12   11R 発走 20:15 → 取得 20:06:00
18:19:12   12R 発走 20:50 → 取得 20:41:00
18:19:14   ・以降 5 レースの暫定オッズも取得
18:20:16 2026-09-08 12レース／締切8分前（＝発走9分前）に取得
18:20:16   1R 発走 15:00 → 取得 14:51:00
18:20:16   2R 発走 15:30 → 取得 15:21:00
18:20:16   3R 発走 16:00 → 取得 15:51:00
18:20:16   4R 発走 16:30 → 取得 16:21:00
18:20:16   5R 発走 17:00 → 取得 16:51:00
18:20:16   6R 発走 17:30 → 取得 17:21:00
18:20:16   7R 発走 18:00 → 取得 17:51:00
18:20:16   8R 発走 18:30 → 取得 18:21:00
18:20:16   9R 発走 19:05 → 取得 18:56:00
18:20:16   10R 発走 19:40 → 取得 19:31:00
18:20:16   11R 発走 20:15 → 取得 20:06:00
18:20:16   12R 発走 20:50 → 取得 20:41:00
18:20:19   ・以降 5 レースの暫定オッズも取得
18:21:21 2026-09-08 12レース／締切8分前（＝発走9分前）に取得
18:21:21   1R 発走 15:00 → 取得 14:51:00
18:21:21   2R 発走 15:30 → 取得 15:21:00
18:21:21   3R 発走 16:00 → 取得 15:51:00
18:21:21   4R 発走 16:30 → 取得 16:21:00
18:21:21   5R 発走 17:00 → 取得 16:51:00
18:21:21   6R 発走 17:30 → 取得 17:21:00
18:21:21   7R 発走 18:00 → 取得 17:51:00
18:21:21   8R 発走 18:30 → 取得 18:21:00
18:21:21   9R 発走 19:05 → 取得 18:56:00
18:21:21   10R 発走 19:40 → 取得 19:31:00
18:21:21   11R 発走 20:15 → 取得 20:06:00
18:21:21   12R 発走 20:50 → 取得 20:41:00
18:21:21   ✓ 8R T-8 取得（2026年9月8日 18:20／1番人気 2番 2.5倍）
18:21:24   ・以降 4 レースの暫定オッズも取得
18:22:26 2026-09-08 12レース／締切8分前（＝発走9分前）に取得
18:22:26   1R 発走 15:00 → 取得 14:51:00
18:22:26   2R 発走 15:30 → 取得 15:21:00
18:22:26   3R 発走 16:00 → 取得 15:51:00
18:22:26   4R 発走 16:30 → 取得 16:21:00
18:22:26   5R 発走 17:00 → 取得 16:51:00
18:22:26   6R 発走 17:30 → 取得 17:21:00
18:22:26   7R 発走 18:00 → 取得 17:51:00
18:22:26   8R 発走 18:30 → 取得 18:21:00
18:22:26   9R 発走 19:05 → 取得 18:56:00
18:22:26   10R 発走 19:40 → 取得 19:31:00
18:22:26   11R 発走 20:15 → 取得 20:06:00
18:22:26   12R 発走 20:50 → 取得 20:41:00
18:22:28   ・以降 4 レースの暫定オッズも取得
18:23:30 2026-09-08 12レース／締切8分前（＝発走9分前）に取得
18:23:30   1R 発走 15:00 → 取得 14:51:00
18:23:30   2R 発走 15:30 → 取得 15:21:00
18:23:30   3R 発走 16:00 → 取得 15:51:00
18:23:30   4R 発走 16:30 → 取得 16:21:00
18:23:30   5R 発走 17:00 → 取得 16:51:00
18:23:30   6R 発走 17:30 → 取得 17:21:00
18:23:30   7R 発走 18:00 → 取得 17:51:00
18:23:30   8R 発走 18:30 → 取得 18:21:00
18:23:30   9R 発走 19:05 → 取得 18:56:00
18:23:30   10R 発走 19:40 → 取得 19:31:00
18:23:30   11R 発走 20:15 → 取得 20:06:00
18:23:30   12R 発走 20:50 → 取得 20:41:00
18:23:32   ・以降 4 レースの暫定オッズも取得
18:24:33 2026-09-08 12レース／締切8分前（＝発走9分前）に取得
18:24:34   1R 発走 15:00 → 取得 14:51:00
18:24:34   2R 発走 15:30 → 取得 15:21:00
18:24:34   3R 発走 16:00 → 取得 15:51:00
18:24:34   4R 発走 16:30 → 取得 16:21:00
18:24:34   5R 発走 17:00 → 取得 16:51:00
18:24:34   6R 発走 17:30 → 取得 17:21:00
18:24:34   7R 発走 18:00 → 取得 17:51:00
18:24:34   8R 発走 18:30 → 取得 18:21:00
18:24:34   9R 発走 19:05 → 取得 18:56:00
18:24:34   10R 発走 19:40 → 取得 19:31:00
18:24:34   11R 発走 20:15 → 取得 20:06:00
18:24:34   12R 発走 20:50 → 取得 20:41:00
18:24:37   ・以降 4 レースの暫定オッズも取得
18:25:38 2026-09-08 12レース／締切8分前（＝発走9分前）に取得
18:25:38   1R 発走 15:00 → 取得 14:51:00
18:25:38   2R 発走 15:30 → 取得 15:21:00
18:25:38   3R 発走 16:00 → 取得 15:51:00
18:25:38   4R 発走 16:30 → 取得 16:21:00
18:25:38   5R 発走 17:00 → 取得 16:51:00
18:25:38   6R 発走 17:30 → 取得 17:21:00
18:25:38   7R 発走 18:00 → 取得 17:51:00
18:25:38   8R 発走 18:30 → 取得 18:21:00
18:25:38   9R 発走 19:05 → 取得 18:56:00
18:25:38   10R 発走 19:40 → 取得 19:31:00
18:25:38   11R 発走 20:15 → 取得 20:06:00
18:25:38   12R 発走 20:50 → 取得 20:41:00
18:25:40   ✓ 7R final 取得（2026年9月8日 18:24／1番人気 8番 1.9倍）
18:25:41   ・以降 4 レースの暫定オッズも取得
18:26:43 2026-09-08 12レース／締切8分前（＝発走9分前）に取得
18:26:43   1R 発走 15:00 → 取得 14:51:00
18:26:43   2R 発走 15:30 → 取得 15:21:00
18:26:43   3R 発走 16:00 → 取得 15:51:00
18:26:43   4R 発走 16:30 → 取得 16:21:00
18:26:43   5R 発走 17:00 → 取得 16:51:00
18:26:43   6R 発走 17:30 → 取得 17:21:00
18:26:43   7R 発走 18:00 → 取得 17:51:00
18:26:43   8R 発走 18:30 → 取得 18:21:00
18:26:43   9R 発走 19:05 → 取得 18:56:00
18:26:43   10R 発走 19:40 → 取得 19:31:00
18:26:43   11R 発走 20:15 → 取得 20:06:00
18:26:43   12R 発走 20:50 → 取得 20:41:00
18:26:45   ・以降 4 レースの暫定オッズも取得
18:27:47 2026-09-08 12レース／締切8分前（＝発走9分前）に取得
18:27:47   1R 発走 15:00 → 取得 14:51:00
18:27:47   2R 発走 15:30 → 取得 15:21:00
18:27:47   3R 発走 16:00 → 取得 15:51:00
18:27:47   4R 発走 16:30 → 取得 16:21:00
18:27:47   5R 発走 17:00 → 取得 16:51:00
18:27:47   6R 発走 17:30 → 取得 17:21:00
18:27:47   7R 発走 18:00 → 取得 17:51:00
18:27:47   8R 発走 18:30 → 取得 18:21:00
18:27:47   9R 発走 19:05 → 取得 18:56:00
18:27:47   10R 発走 19:40 → 取得 19:31:00
18:27:47   11R 発走 20:15 → 取得 20:06:00
18:27:47   12R 発走 20:50 → 取得 20:41:00
18:27:49   ・以降 4 レースの暫定オッズも取得
18:28:51 2026-09-08 12レース／締切8分前（＝発走9分前）に取得
18:28:51   1R 発走 15:00 → 取得 14:51:00
18:28:51   2R 発走 15:30 → 取得 15:21:00
18:28:51   3R 発走 16:00 → 取得 15:51:00
18:28:51   4R 発走 16:30 → 取得 16:21:00
18:28:51   5R 発走 17:00 → 取得 16:51:00
18:28:51   6R 発走 17:30 → 取得 17:21:00
18:28:51   7R 発走 18:00 → 取得 17:51:00
18:28:51   8R 発走 18:30 → 取得 18:21:00
18:28:51   9R 発走 19:05 → 取得 18:56:00
18:28:51   10R 発走 19:40 → 取得 19:31:00
18:28:51   11R 発走 20:15 → 取得 20:06:00
18:28:51   12R 発走 20:50 → 取得 20:41:00
18:28:54   ・以降 4 レースの暫定オッズも取得
18:29:56 2026-09-08 12レース／締切8分前（＝発走9分前）に取得
18:29:56   1R 発走 15:00 → 取得 14:51:00
18:29:56   2R 発走 15:30 → 取得 15:21:00
18:29:56   3R 発走 16:00 → 取得 15:51:00
18:29:56   4R 発走 16:30 → 取得 16:21:00
18:29:56   5R 発走 17:00 → 取得 16:51:00
18:29:56   6R 発走 17:30 → 取得 17:21:00
18:29:56   7R 発走 18:00 → 取得 17:51:00
18:29:56   8R 発走 18:30 → 取得 18:21:00
18:29:56   9R 発走 19:05 → 取得 18:56:00
18:29:56   10R 発走 19:40 → 取得 19:31:00
18:29:56   11R 発走 20:15 → 取得 20:06:00
18:29:56   12R 発走 20:50 → 取得 20:41:00
18:29:57   ・以降 4 レースの暫定オッズも取得
18:30:59 2026-09-08 12レース／締切8分前（＝発走9分前）に取得
18:30:59   1R 発走 15:00 → 取得 14:51:00
18:30:59   2R 発走 15:30 → 取得 15:21:00
18:30:59   3R 発走 16:00 → 取得 15:51:00
18:30:59   4R 発走 16:30 → 取得 16:21:00
18:30:59   5R 発走 17:00 → 取得 16:51:00
18:30:59   6R 発走 17:30 → 取得 17:21:00
18:30:59   7R 発走 18:00 → 取得 17:51:00
18:30:59   8R 発走 18:30 → 取得 18:21:00
18:30:59   9R 発走 19:05 → 取得 18:56:00
18:30:59   10R 発走 19:40 → 取得 19:31:00
18:30:59   11R 発走 20:15 → 取得 20:06:00
18:30:59   12R 発走 20:50 → 取得 20:41:00
18:31:01   ・以降 4 レースの暫定オッズも取得
18:32:04 2026-09-08 12レース／締切8分前（＝発走9分前）に取得
18:32:04   1R 発走 15:00 → 取得 14:51:00
18:32:04   2R 発走 15:30 → 取得 15:21:00
18:32:04   3R 発走 16:00 → 取得 15:51:00
18:32:04   4R 発走 16:30 → 取得 16:21:00
18:32:04   5R 発走 17:00 → 取得 16:51:00
18:32:04   6R 発走 17:30 → 取得 17:21:00
18:32:04   7R 発走 18:00 → 取得 17:51:00
18:32:04   8R 発走 18:30 → 取得 18:21:00
18:32:04   9R 発走 19:05 → 取得 18:56:00
18:32:04   10R 発走 19:40 → 取得 19:31:00
18:32:04   11R 発走 20:15 → 取得 20:06:00
18:32:04   12R 発走 20:50 → 取得 20:41:00
18:32:06   ・以降 4 レースの暫定オッズも取得
18:33:08 2026-09-08 12レース／締切8分前（＝発走9分前）に取得
18:33:08   1R 発走 15:00 → 取得 14:51:00
18:33:08   2R 発走 15:30 → 取得 15:21:00
18:33:08   3R 発走 16:00 → 取得 15:51:00
18:33:08   4R 発走 16:30 → 取得 16:21:00
18:33:08   5R 発走 17:00 → 取得 16:51:00
18:33:08   6R 発走 17:30 → 取得 17:21:00
18:33:08   7R 発走 18:00 → 取得 17:51:00
18:33:08   8R 発走 18:30 → 取得 18:21:00
18:33:08   9R 発走 19:05 → 取得 18:56:00
18:33:08   10R 発走 19:40 → 取得 19:31:00
18:33:08   11R 発走 20:15 → 取得 20:06:00
18:33:08   12R 発走 20:50 → 取得 20:41:00
18:33:10   ・以降 4 レースの暫定オッズも取得
18:34:14 2026-09-08 12レース／締切8分前（＝発走9分前）に取得
18:34:14   1R 発走 15:00 → 取得 14:51:00
18:34:14   2R 発走 15:30 → 取得 15:21:00
18:34:14   3R 発走 16:00 → 取得 15:51:00
18:34:14   4R 発走 16:30 → 取得 16:21:00
18:34:14   5R 発走 17:00 → 取得 16:51:00
18:34:14   6R 発走 17:30 → 取得 17:21:00
18:34:14   7R 発走 18:00 → 取得 17:51:00
18:34:14   8R 発走 18:30 → 取得 18:21:00
18:34:14   9R 発走 19:05 → 取得 18:56:00
18:34:14   10R 発走 19:40 → 取得 19:31:00
18:34:14   11R 発走 20:15 → 取得 20:06:00
18:34:14   12R 発走 20:50 → 取得 20:41:00
18:34:16   ・以降 4 レースの暫定オッズも取得
18:35:18 2026-09-08 12レース／締切8分前（＝発走9分前）に取得
18:35:18   1R 発走 15:00 → 取得 14:51:00
18:35:18   2R 発走 15:30 → 取得 15:21:00
18:35:18   3R 発走 16:00 → 取得 15:51:00
18:35:18   4R 発走 16:30 → 取得 16:21:00
18:35:18   5R 発走 17:00 → 取得 16:51:00
18:35:18   6R 発走 17:30 → 取得 17:21:00
18:35:18   7R 発走 18:00 → 取得 17:51:00
18:35:18   8R 発走 18:30 → 取得 18:21:00
18:35:18   9R 発走 19:05 → 取得 18:56:00
18:35:18   10R 発走 19:40 → 取得 19:31:00
18:35:18   11R 発走 20:15 → 取得 20:06:00
18:35:18   12R 発走 20:50 → 取得 20:41:00
18:35:20   ・以降 4 レースの暫定オッズも取得
18:36:22 2026-09-08 12レース／締切8分前（＝発走9分前）に取得
18:36:22   1R 発走 15:00 → 取得 14:51:00
18:36:22   2R 発走 15:30 → 取得 15:21:00
18:36:22   3R 発走 16:00 → 取得 15:51:00
18:36:22   4R 発走 16:30 → 取得 16:21:00
18:36:22   5R 発走 17:00 → 取得 16:51:00
18:36:22   6R 発走 17:30 → 取得 17:21:00
18:36:22   7R 発走 18:00 → 取得 17:51:00
18:36:22   8R 発走 18:30 → 取得 18:21:00
18:36:22   9R 発走 19:05 → 取得 18:56:00
18:36:22   10R 発走 19:40 → 取得 19:31:00
18:36:22   11R 発走 20:15 → 取得 20:06:00
18:36:22   12R 発走 20:50 → 取得 20:41:00
18:36:23   ・以降 4 レースの暫定オッズも取得
18:37:25 2026-09-08 12レース／締切8分前（＝発走9分前）に取得
18:37:25   1R 発走 15:00 → 取得 14:51:00
18:37:25   2R 発走 15:30 → 取得 15:21:00
18:37:25   3R 発走 16:00 → 取得 15:51:00
18:37:25   4R 発走 16:30 → 取得 16:21:00
18:37:25   5R 発走 17:00 → 取得 16:51:00
18:37:25   6R 発走 17:30 → 取得 17:21:00
18:37:25   7R 発走 18:00 → 取得 17:51:00
18:37:25   8R 発走 18:30 → 取得 18:21:00
18:37:25   9R 発走 19:05 → 取得 18:56:00
18:37:25   10R 発走 19:40 → 取得 19:31:00
18:37:25   11R 発走 20:15 → 取得 20:06:00
18:37:25   12R 発走 20:50 → 取得 20:41:00
18:37:27   ・以降 4 レースの暫定オッズも取得
18:38:29 2026-09-08 12レース／締切8分前（＝発走9分前）に取得
18:38:29   1R 発走 15:00 → 取得 14:51:00
18:38:29   2R 発走 15:30 → 取得 15:21:00
18:38:29   3R 発走 16:00 → 取得 15:51:00
18:38:29   4R 発走 16:30 → 取得 16:21:00
18:38:29   5R 発走 17:00 → 取得 16:51:00
18:38:29   6R 発走 17:30 → 取得 17:21:00
18:38:29   7R 発走 18:00 → 取得 17:51:00
18:38:29   8R 発走 18:30 → 取得 18:21:00
18:38:29   9R 発走 19:05 → 取得 18:56:00
18:38:29   10R 発走 19:40 → 取得 19:31:00
18:38:29   11R 発走 20:15 → 取得 20:06:00
18:38:29   12R 発走 20:50 → 取得 20:41:00
18:38:31   ・以降 4 レースの暫定オッズも取得
18:39:33 2026-09-08 12レース／締切8分前（＝発走9分前）に取得
18:39:33   1R 発走 15:00 → 取得 14:51:00
18:39:33   2R 発走 15:30 → 取得 15:21:00
18:39:33   3R 発走 16:00 → 取得 15:51:00
18:39:33   4R 発走 16:30 → 取得 16:21:00
18:39:33   5R 発走 17:00 → 取得 16:51:00
18:39:33   6R 発走 17:30 → 取得 17:21:00
18:39:33   7R 発走 18:00 → 取得 17:51:00
18:39:33   8R 発走 18:30 → 取得 18:21:00
18:39:33   9R 発走 19:05 → 取得 18:56:00
18:39:33   10R 発走 19:40 → 取得 19:31:00
18:39:33   11R 発走 20:15 → 取得 20:06:00
18:39:33   12R 発走 20:50 → 取得 20:41:00
18:39:35   ・以降 4 レースの暫定オッズも取得
18:40:37 2026-09-08 12レース／締切8分前（＝発走9分前）に取得
18:40:37   1R 発走 15:00 → 取得 14:51:00
18:40:37   2R 発走 15:30 → 取得 15:21:00
18:40:37   3R 発走 16:00 → 取得 15:51:00
18:40:37   4R 発走 16:30 → 取得 16:21:00
18:40:37   5R 発走 17:00 → 取得 16:51:00
18:40:37   6R 発走 17:30 → 取得 17:21:00
18:40:37   7R 発走 18:00 → 取得 17:51:00
18:40:37   8R 発走 18:30 → 取得 18:21:00
18:40:37   9R 発走 19:05 → 取得 18:56:00
18:40:37   10R 発走 19:40 → 取得 19:31:00
18:40:37   11R 発走 20:15 → 取得 20:06:00
18:40:37   12R 発走 20:50 → 取得 20:41:00
18:40:45   ・以降 4 レースの暫定オッズも取得
18:41:46 2026-09-08 12レース／締切8分前（＝発走9分前）に取得
18:41:46   1R 発走 15:00 → 取得 14:51:00
18:41:46   2R 発走 15:30 → 取得 15:21:00
18:41:46   3R 発走 16:00 → 取得 15:51:00
18:41:46   4R 発走 16:30 → 取得 16:21:00
18:41:46   5R 発走 17:00 → 取得 16:51:00
18:41:46   6R 発走 17:30 → 取得 17:21:00
18:41:46   7R 発走 18:00 → 取得 17:51:00
18:41:46   8R 発走 18:30 → 取得 18:21:00
18:41:46   9R 発走 19:05 → 取得 18:56:00
18:41:46   10R 発走 19:40 → 取得 19:31:00
18:41:46   11R 発走 20:15 → 取得 20:06:00
18:41:46   12R 発走 20:50 → 取得 20:41:00
18:41:48   ・以降 4 レースの暫定オッズも取得
18:42:50 2026-09-08 12レース／締切8分前（＝発走9分前）に取得
18:42:50   1R 発走 15:00 → 取得 14:51:00
18:42:50   2R 発走 15:30 → 取得 15:21:00
18:42:50   3R 発走 16:00 → 取得 15:51:00
18:42:50   4R 発走 16:30 → 取得 16:21:00
18:42:50   5R 発走 17:00 → 取得 16:51:00
18:42:50   6R 発走 17:30 → 取得 17:21:00
18:42:50   7R 発走 18:00 → 取得 17:51:00
18:42:50   8R 発走 18:30 → 取得 18:21:00
18:42:50   9R 発走 19:05 → 取得 18:56:00
18:42:50   10R 発走 19:40 → 取得 19:31:00
18:42:50   11R 発走 20:15 → 取得 20:06:00
18:42:50   12R 発走 20:50 → 取得 20:41:00
18:42:52   ・以降 4 レースの暫定オッズも取得
18:43:58 2026-09-08 12レース／締切8分前（＝発走9分前）に取得
18:43:58   1R 発走 15:00 → 取得 14:51:00
18:43:58   2R 発走 15:30 → 取得 15:21:00
18:43:58   3R 発走 16:00 → 取得 15:51:00
18:43:58   4R 発走 16:30 → 取得 16:21:00
18:43:58   5R 発走 17:00 → 取得 16:51:00
18:43:58   6R 発走 17:30 → 取得 17:21:00
18:43:58   7R 発走 18:00 → 取得 17:51:00
18:43:58   8R 発走 18:30 → 取得 18:21:00
18:43:58   9R 発走 19:05 → 取得 18:56:00
18:43:58   10R 発走 19:40 → 取得 19:31:00
18:43:58   11R 発走 20:15 → 取得 20:06:00
18:43:58   12R 発走 20:50 → 取得 20:41:00
18:44:00   ・以降 4 レースの暫定オッズも取得
18:45:03 2026-09-08 12レース／締切8分前（＝発走9分前）に取得
18:45:03   1R 発走 15:00 → 取得 14:51:00
18:45:03   2R 発走 15:30 → 取得 15:21:00
18:45:03   3R 発走 16:00 → 取得 15:51:00
18:45:03   4R 発走 16:30 → 取得 16:21:00
18:45:03   5R 発走 17:00 → 取得 16:51:00
18:45:03   6R 発走 17:30 → 取得 17:21:00
18:45:03   7R 発走 18:00 → 取得 17:51:00
18:45:03   8R 発走 18:30 → 取得 18:21:00
18:45:03   9R 発走 19:05 → 取得 18:56:00
18:45:03   10R 発走 19:40 → 取得 19:31:00
18:45:03   11R 発走 20:15 → 取得 20:06:00
18:45:03   12R 発走 20:50 → 取得 20:41:00
18:45:05   ・以降 4 レースの暫定オッズも取得
18:46:07 2026-09-08 12レース／締切8分前（＝発走9分前）に取得
18:46:07   1R 発走 15:00 → 取得 14:51:00
18:46:07   2R 発走 15:30 → 取得 15:21:00
18:46:07   3R 発走 16:00 → 取得 15:51:00
18:46:07   4R 発走 16:30 → 取得 16:21:00
18:46:07   5R 発走 17:00 → 取得 16:51:00
18:46:07   6R 発走 17:30 → 取得 17:21:00
18:46:07   7R 発走 18:00 → 取得 17:51:00
18:46:07   8R 発走 18:30 → 取得 18:21:00
18:46:07   9R 発走 19:05 → 取得 18:56:00
18:46:07   10R 発走 19:40 → 取得 19:31:00
18:46:07   11R 発走 20:15 → 取得 20:06:00
18:46:07   12R 発走 20:50 → 取得 20:41:00
18:46:09   ・以降 4 レースの暫定オッズも取得
18:47:12 2026-09-08 12レース／締切8分前（＝発走9分前）に取得
18:47:12   1R 発走 15:00 → 取得 14:51:00
18:47:12   2R 発走 15:30 → 取得 15:21:00
18:47:12   3R 発走 16:00 → 取得 15:51:00
18:47:12   4R 発走 16:30 → 取得 16:21:00
18:47:12   5R 発走 17:00 → 取得 16:51:00
18:47:12   6R 発走 17:30 → 取得 17:21:00
18:47:12   7R 発走 18:00 → 取得 17:51:00
18:47:12   8R 発走 18:30 → 取得 18:21:00
18:47:12   9R 発走 19:05 → 取得 18:56:00
18:47:12   10R 発走 19:40 → 取得 19:31:00
18:47:12   11R 発走 20:15 → 取得 20:06:00
18:47:12   12R 発走 20:50 → 取得 20:41:00
18:47:13   ・以降 4 レースの暫定オッズも取得
18:48:15 2026-09-08 12レース／締切8分前（＝発走9分前）に取得
18:48:15   1R 発走 15:00 → 取得 14:51:00
18:48:15   2R 発走 15:30 → 取得 15:21:00
18:48:15   3R 発走 16:00 → 取得 15:51:00
18:48:15   4R 発走 16:30 → 取得 16:21:00
18:48:15   5R 発走 17:00 → 取得 16:51:00
18:48:15   6R 発走 17:30 → 取得 17:21:00
18:48:15   7R 発走 18:00 → 取得 17:51:00
18:48:15   8R 発走 18:30 → 取得 18:21:00
18:48:15   9R 発走 19:05 → 取得 18:56:00
18:48:15   10R 発走 19:40 → 取得 19:31:00
18:48:15   11R 発走 20:15 → 取得 20:06:00
18:48:15   12R 発走 20:50 → 取得 20:41:00
18:48:17   ・以降 4 レースの暫定オッズも取得
18:49:21 2026-09-08 12レース／締切8分前（＝発走9分前）に取得
18:49:22   1R 発走 15:00 → 取得 14:51:00
18:49:22   2R 発走 15:30 → 取得 15:21:00
18:49:22   3R 発走 16:00 → 取得 15:51:00
18:49:22   4R 発走 16:30 → 取得 16:21:00
18:49:22   5R 発走 17:00 → 取得 16:51:00
18:49:22   6R 発走 17:30 → 取得 17:21:00
18:49:22   7R 発走 18:00 → 取得 17:51:00
18:49:22   8R 発走 18:30 → 取得 18:21:00
18:49:22   9R 発走 19:05 → 取得 18:56:00
18:49:22   10R 発走 19:40 → 取得 19:31:00
18:49:22   11R 発走 20:15 → 取得 20:06:00
18:49:22   12R 発走 20:50 → 取得 20:41:00
18:49:25   ・以降 4 レースの暫定オッズも取得
